python : Error processing line 1 of C:\Users\aryaj\mi
niconda3\Lib\site-packages\python-certifi-win32-init.
pth:
At line:1 char:1
+ python test_embeddings.py > test_output.txt 2>&1 ; 
cat test_output.tx ...
+ ~~~~~~~~~~~~~~~~~~~~~~~~~~~~~~~~~~~~~~~~~~~~~~~~
    + CategoryInfo          : NotSpecified: (Error p 
   rocessin...win32-init.pth::String) [], RemoteExc  
  eption
    + FullyQualifiedErrorId : NativeCommandError
 

  Traceback (most recent call last):
    File "<frozen site>", line 207, in addpackage
    File "<string>", line 1, in <module>
  ModuleNotFoundError: No module named 
'certifi_win32'

Remainder of file ignored
Traceback (most recent call last):
  File "D:\My Professional 
Projects\PythonAgent\test_embeddings.py", line 1, in 
<module>
    from src.embeddings import EmbeddingProvider
  File "D:\My Professional 
Projects\PythonAgent\src\embeddings.py", line 4, in 
<module>
    from langchain_openai import OpenAIEmbeddings
  File "C:\Users\aryaj\miniconda3\Lib\site-packages\l
angchain_openai\__init__.py", line 3, in <module>
    from langchain_openai.chat_models import 
AzureChatOpenAI, ChatOpenAI
  File "C:\Users\aryaj\miniconda3\Lib\site-packages\l
angchain_openai\chat_models\__init__.py", line 3, in 
<module>
    from langchain_openai.chat_models.azure import 
AzureChatOpenAI
  File "C:\Users\aryaj\miniconda3\Lib\site-packages\l
angchain_openai\chat_models\azure.py", line 20, in 
<module>
    from langchain_openai.chat_models.base import 
BaseChatOpenAI, _get_default_model_profile
  File "C:\Users\aryaj\miniconda3\Lib\site-packages\l
angchain_openai\chat_models\base.py", line 43, in 
<module>
    from langchain_core.language_models import (
    ...<2 lines>...
    )
ImportError: cannot import name 
'ModelProfileRegistry' from 
'langchain_core.language_models' (C:\Users\aryaj\mini
conda3\Lib\site-packages\langchain_core\language_mode
ls\__init__.py)
